{"level":"debug","time":"2026-05-06T21:39:05.002+0530","caller":"cmd/bin.go:145","msg":"cli os: windows, cli arch: amd64"}
{"level":"debug","time":"2026-05-06T21:39:06.522+0530","caller":"cmd/bin.go:154","msg":"Upstream version details: {Name:cli Min:0.2.265 Max:0.2.340} "}
{"level":"info","time":"2026-05-06T21:39:06.522+0530","caller":"cmd/bin.go:202","msg":"Generating TraceID for tracking request: 01KQZ0SJ0JK4R27GTZRVRH3SKM \n"}
{"level":"debug","time":"2026-05-06T21:39:12.371+0530","caller":"core/lifecycle.go:107","msg":"Setting environment"}
{"level":"debug","time":"2026-05-06T21:39:12.372+0530","caller":"core/lifecycle.go:110","msg":"Parsing config"}
{"level":"debug","time":"2026-05-06T21:39:12.398+0530","caller":"yamlconfigmanager/setup.go:725","msg":"Custom location for .hyperexecute.yaml specified. Using: hyperexecute.yaml"}
{"level":"debug","time":"2026-05-06T21:39:12.399+0530","caller":"yamlconfigmanager/setup.go:117","msg":"using hyperexecute config from : hyperexecute.yaml"}
{"level":"debug","time":"2026-05-06T21:39:14.781+0530","caller":"yamlconfigmanager/setup.go:2157","msg":"Autodetecting test type in files of path : C:\\Users\\HP\\Documents\\HyperExecute_Certification\\java-testng-selenium"}
{"level":"debug","time":"2026-05-06T21:39:14.783+0530","caller":"yamlconfigmanager/setup.go:547","msg":"Tunnel: false"}
{"level":"info","time":"2026-05-06T21:39:14.783+0530","caller":"models/HypertestYamlConfig.go:974","msg":"\n\u001b[4m\u001b[1m\u001b[97mExecution Plan\u001b[0m\u001b[22m\u001b[24m"}
{"level":"info","time":"2026-05-06T21:39:14.783+0530","caller":"models/HypertestYamlConfig.go:775","msg":"Mode:    \u001b[36mautosplit\u001b[0m"}
{"level":"info","time":"2026-05-06T21:39:14.783+0530","caller":"models/HypertestYamlConfig.go:835","msg":"Runson:    \u001b[36mlinux\u001b[0m"}
{"level":"info","time":"2026-05-06T21:39:14.784+0530","caller":"models/HypertestYamlConfig.go:843","msg":"Concurrency:    \u001b[36m2\u001b[0m"}
{"level":"info","time":"2026-05-06T21:39:14.784+0530","caller":"models/HypertestYamlConfig.go:907","msg":"Report:    \u001b[36mdisabled\u001b[0m"}
{"level":"info","time":"2026-05-06T21:39:14.784+0530","caller":"models/HypertestYamlConfig.go:939","msg":"Cache Directories:"}
{"level":"info","time":"2026-05-06T21:39:14.784+0530","caller":"models/HypertestYamlConfig.go:941","msg":"    \u001b[36m.m2\u001b[0m"}
{"level":"info","time":"2026-05-06T21:39:14.785+0530","caller":"models/HypertestYamlConfig.go:987","msg":""}
{"level":"debug","time":"2026-05-06T21:39:14.785+0530","caller":"filevalidator/setup.go:49","msg":"Warning: Checking data.json file in current directory, no dataJsonPath found in .hyperexecute.yaml"}
{"level":"debug","time":"2026-05-06T21:39:14.786+0530","caller":"filevalidator/setup.go:53","msg":"Warning: data.json file doesn't exist"}
{"level":"debug","time":"2026-05-06T21:39:17.850+0530","caller":"testdiscoverer/discoverer.go:84","msg":"Test Discovery Command: echo \"xml/single.xml\""}
{"level":"info","time":"2026-05-06T21:39:17.921+0530","caller":"testdiscoverer/discoverer.go:140","msg":"\u001b[4m\u001b[1m\u001b[97mTest Discovery Result: 1\u001b[0m\u001b[22m\u001b[24m"}
{"level":"info","time":"2026-05-06T21:39:17.922+0530","caller":"testdiscoverer/discoverer.go:141","msg":"    \u001b[2m\\\"xml/single.xml\\\"\r\u001b[22m\n"}
{"level":"info","time":"2026-05-06T21:39:17.923+0530","caller":"core/lifecycle.go:371","msg":"Concurrency 2 is getting overwritten by 1"}
{"level":"debug","time":"2026-05-06T21:39:19.120+0530","caller":"core/lifecycle.go:527","msg":"Job ID: 7a1c2bc6-e3c7-46db-8cf6-43f72618ddde"}
{"level":"debug","time":"2026-05-06T21:39:19.120+0530","caller":"core/lifecycle.go:530","msg":"User - deepaktickingminds, triggered job with ID 7a1c2bc6-e3c7-46db-8cf6-43f72618ddde from CLI"}
{"level":"debug","time":"2026-05-06T21:39:19.120+0530","caller":"events/manager.go:97","msg":"Starting event manager"}
{"level":"debug","time":"2026-05-06T21:39:19.121+0530","caller":"events/manager.go:99","msg":"SSE enabled, getting SSE connection"}
{"level":"debug","time":"2026-05-06T21:39:19.123+0530","caller":"archivemanager/setup.go:339","msg":"digestMap: map[]"}
{"level":"debug","time":"2026-05-06T21:39:19.123+0530","caller":"archivemanager/setup.go:345","msg":"Creating archive of target directory: C:\\Users\\HP\\Documents\\HyperExecute_Certification\\java-testng-selenium"}
{"level":"debug","time":"2026-05-06T21:39:19.182+0530","caller":"core/lifecycle.go:684","msg":"Zip file size: 167.85 kB"}
{"level":"debug","time":"2026-05-06T21:39:19.182+0530","caller":"core/lifecycle.go:694","msg":"Archive location: C:\\Users\\HP\\Documents\\HyperExecute_Certification\\java-testng-selenium\\hyperexecute-code-7a1c2bc6-e3c7-46db-8cf6-43f72618ddde.zip\n"}
{"level":"debug","time":"2026-05-06T21:39:19.184+0530","caller":"storage/azure.go:60","msg":"Payload size: 167.85 kB, source path C:\\Users\\HP\\Documents\\HyperExecute_Certification\\java-testng-selenium\\hyperexecute-code-7a1c2bc6-e3c7-46db-8cf6-43f72618ddde.zip"}
{"level":"debug","time":"2026-05-06T21:39:19.187+0530","caller":"utils/azcopy.go:133","msg":"Downloading dependency binary ..................."}
{"level":"debug","time":"2026-05-06T21:39:19.567+0530","caller":"utils/azcopy.go:90","msg":"Downloading dependency to upload files"}
{"level":"debug","time":"2026-05-06T21:39:20.655+0530","caller":"events/manager.go:288","msg":"connection to hyperexecute server established successfully."}
{"level":"debug","time":"2026-05-06T21:39:20.987+0530","caller":"storage/azure.go:60","msg":"Payload size: 8.04 kB, source path C:\\Users\\HP\\AppData\\Local\\Temp\\git.diff"}
{"level":"debug","time":"2026-05-06T21:39:49.123+0530","caller":"events/manager.go:356","msg":"No new messages received from SSE for jobID: 7a1c2bc6-e3c7-46db-8cf6-43f72618ddde. Fetching from APIs"}
{"level":"debug","time":"2026-05-06T21:40:38.804+0530","caller":"events/manager.go:356","msg":"No new messages received from SSE for jobID: 7a1c2bc6-e3c7-46db-8cf6-43f72618ddde. Fetching from APIs"}
{"level":"debug","time":"2026-05-06T21:41:11.049+0530","caller":"events/manager.go:356","msg":"No new messages received from SSE for jobID: 7a1c2bc6-e3c7-46db-8cf6-43f72618ddde. Fetching from APIs"}
{"level":"debug","time":"2026-05-06T21:41:26.157+0530","caller":"events/manager.go:279","msg":"SSE connection completed. Reconnecting!!"}
{"level":"debug","time":"2026-05-06T21:41:27.902+0530","caller":"events/manager.go:288","msg":"connection to hyperexecute server established successfully."}
{"level":"debug","time":"2026-05-06T21:41:45.870+0530","caller":"events/manager.go:356","msg":"No new messages received from SSE for jobID: 7a1c2bc6-e3c7-46db-8cf6-43f72618ddde. Fetching from APIs"}
{"level":"debug","time":"2026-05-06T21:42:17.915+0530","caller":"events/manager.go:356","msg":"No new messages received from SSE for jobID: 7a1c2bc6-e3c7-46db-8cf6-43f72618ddde. Fetching from APIs"}
{"level":"debug","time":"2026-05-06T21:42:51.561+0530","caller":"events/manager.go:356","msg":"No new messages received from SSE for jobID: 7a1c2bc6-e3c7-46db-8cf6-43f72618ddde. Fetching from APIs"}
{"level":"debug","time":"2026-05-06T21:43:26.539+0530","caller":"events/manager.go:356","msg":"No new messages received from SSE for jobID: 7a1c2bc6-e3c7-46db-8cf6-43f72618ddde. Fetching from APIs"}
{"level":"info","time":"2026-05-06T21:43:32.539+0530","caller":"utils/azcopy.go:108","msg":"✔ Dependency binary downloaded successfully"}
{"level":"debug","time":"2026-05-06T21:43:32.539+0530","caller":"utils/azcopy.go:184","msg":"returning from fallback"}
{"level":"debug","time":"2026-05-06T21:43:32.860+0530","caller":"events/manager.go:279","msg":"SSE connection completed. Reconnecting!!"}
{"level":"debug","time":"2026-05-06T21:43:34.916+0530","caller":"events/manager.go:288","msg":"connection to hyperexecute server established successfully."}
{"level":"debug","time":"2026-05-06T21:43:37.422+0530","caller":"storage/azure.go:84","msg":"Azcopy output: \n\r0.0 %, 0 Done, 0 Failed, 1 Pending, 0 Skipped, 1 Total, 2-sec Throughput (Mb/s): 0.0321\r100.0 %, 1 Done, 0 Failed, 0 Pending, 0 Skipped, 1 Total,                              \nTotal time taken to upload(min) :0.0668\n, stderr: "}
{"level":"info","time":"2026-05-06T21:43:37.422+0530","caller":"storage/azure.go:123","msg":"File: C:\\Users\\HP\\AppData\\Local\\Temp\\git.diff upload completed in 4m16.434256s"}
{"level":"debug","time":"2026-05-06T21:43:37.427+0530","caller":"storage/azure.go:84","msg":"Azcopy output: \n\r0.0 %, 0 Done, 0 Failed, 1 Pending, 0 Skipped, 1 Total, 2-sec Throughput (Mb/s): 0.3932\r100.0 %, 1 Done, 0 Failed, 0 Pending, 0 Skipped, 1 Total, 2-sec Throughput (Mb/s): 0.2771\nTotal time taken to upload(min) :0.0668\n, stderr: "}
{"level":"info","time":"2026-05-06T21:43:37.427+0530","caller":"storage/azure.go:123","msg":"File: C:\\Users\\HP\\Documents\\HyperExecute_Certification\\java-testng-selenium\\hyperexecute-code-7a1c2bc6-e3c7-46db-8cf6-43f72618ddde.zip upload completed in 4m18.243312s"}
{"level":"debug","time":"2026-05-06T21:43:37.429+0530","caller":"receptionmanager/setup.go:284","msg":"only one runtime entry detected, mapping it to older yaml format"}
{"level":"debug","time":"2026-05-06T21:43:37.430+0530","caller":"receptionmanager/setup.go:303","msg":"number of entries in partialreports: 1, switching to new yaml format"}
{"level":"debug","time":"2026-05-06T21:43:37.431+0530","caller":"receptionmanager/setup.go:188","msg":"Uploading yaml : C:\\Users\\HP\\Documents\\HyperExecute_Certification\\java-testng-selenium\\.updatedhyperexecute.yaml"}
{"level":"debug","time":"2026-05-06T21:43:37.431+0530","caller":"storage/azure.go:60","msg":"Payload size: 3.97 kB, source path C:\\Users\\HP\\Documents\\HyperExecute_Certification\\java-testng-selenium\\.updatedhyperexecute.yaml"}
{"level":"debug","time":"2026-05-06T21:43:40.084+0530","caller":"storage/azure.go:84","msg":"Azcopy output: \n\r100.0 %, 1 Done, 0 Failed, 0 Pending, 0 Skipped, 1 Total, 2-sec Throughput (Mb/s): 0.0159\nTotal time taken to upload(min) :0.0333\n, stderr: "}
{"level":"info","time":"2026-05-06T21:43:40.084+0530","caller":"storage/azure.go:123","msg":"File: C:\\Users\\HP\\Documents\\HyperExecute_Certification\\java-testng-selenium\\.updatedhyperexecute.yaml upload completed in 2.6526729s"}
{"level":"debug","time":"2026-05-06T21:43:40.086+0530","caller":"core/lifecycle.go:721","msg":"Successfully deleted code archive: C:\\Users\\HP\\Documents\\HyperExecute_Certification\\java-testng-selenium\\hyperexecute-code-7a1c2bc6-e3c7-46db-8cf6-43f72618ddde.zip\n"}
{"level":"debug","time":"2026-05-06T21:43:40.087+0530","caller":"storage/azure.go:60","msg":"Payload size: 481 B, source path mask-7a1c2bc6-e3c7-46db-8cf6-43f72618ddde.yaml"}
{"level":"debug","time":"2026-05-06T21:43:43.176+0530","caller":"storage/azure.go:84","msg":"Azcopy output: \n\r100.0 %, 1 Done, 0 Failed, 0 Pending, 0 Skipped, 1 Total, 2-sec Throughput (Mb/s): 0.0019\nTotal time taken to upload(min) :0.0334\n, stderr: "}
{"level":"info","time":"2026-05-06T21:43:43.177+0530","caller":"storage/azure.go:123","msg":"File: mask-7a1c2bc6-e3c7-46db-8cf6-43f72618ddde.yaml upload completed in 3.0894902s"}
{"level":"info","time":"2026-05-06T21:43:44.901+0530","caller":"jobmanager/sse_setup.go:86","msg":"\nJob 7a1c2bc6-e3c7-46db-8cf6-43f72618ddde has INITIATED"}
{"level":"info","time":"2026-05-06T21:43:44.902+0530","caller":"jobmanager/manager.go:138","msg":"Job Link: https://hyperexecute.lambdatest.com/hyperexecute/task?jobId=7a1c2bc6-e3c7-46db-8cf6-43f72618ddde\n"}
{"level":"debug","time":"2026-05-06T21:43:45.932+0530","caller":"jobmanager/sse_setup.go:192","msg":"Task id: HYPL-3092209-1778084024682929207KGC"}
{"level":"debug","time":"2026-05-06T21:43:45.932+0530","caller":"jobmanager/sse_setup.go:193","msg":"Sending new task alert to stage manager for taskId: HYPL-3092209-1778084024682929207KGC"}
{"level":"debug","time":"2026-05-06T21:44:30.732+0530","caller":"jobmanager/sse_setup.go:134","msg":"\n\nJob status"}
{"level":"info","time":"2026-05-06T21:44:31.828+0530","caller":"jobmanager/JobSummaryManager.go:54","msg":"\n COMPLETED \n"}
{"level":"info","time":"2026-05-06T21:44:31.829+0530","caller":"jobmanager/JobSummaryManager.go:113","msg":"    Test Execution Time:                  4s"}
{"level":"info","time":"2026-05-06T21:44:31.831+0530","caller":"jobmanager/JobSummaryManager.go:113","msg":"    Job Duration Time:                    41s"}
{"level":"info","time":"2026-05-06T21:44:31.831+0530","caller":"jobmanager/JobSummaryManager.go:113","msg":"    Total Tasks:                          1"}
{"level":"info","time":"2026-05-06T21:44:31.831+0530","caller":"jobmanager/JobSummaryManager.go:113","msg":"    Cumulative Time Consumed:             41s"}
{"level":"info","time":"2026-05-06T21:44:31.831+0530","caller":"jobmanager/JobSummaryManager.go:113","msg":"    Total Stages:                         3"}
{"level":"info","time":"2026-05-06T21:44:31.831+0530","caller":"jobmanager/JobSummaryManager.go:113","msg":"    Pass discovery stage percentage:      100.00%"}
{"level":"info","time":"2026-05-06T21:44:31.832+0530","caller":"jobmanager/JobSummaryManager.go:113","msg":"    Failed discovery stage percentage:    0.00%"}
{"level":"info","time":"2026-05-06T21:44:31.832+0530","caller":"jobmanager/JobSummaryManager.go:113","msg":"    Pass pre stage percentage:            100.00%"}
{"level":"info","time":"2026-05-06T21:44:31.832+0530","caller":"jobmanager/JobSummaryManager.go:113","msg":"    Failed pre stage percentage:          0.00%"}
{"level":"info","time":"2026-05-06T21:44:31.832+0530","caller":"jobmanager/JobSummaryManager.go:113","msg":"    Pass test stage percentage:           100.00%"}
{"level":"info","time":"2026-05-06T21:44:31.833+0530","caller":"jobmanager/JobSummaryManager.go:113","msg":"    Failed test stage percentage:         0.00%"}
{"level":"info","time":"2026-05-06T21:44:31.833+0530","caller":"jobmanager/JobSummaryManager.go:113","msg":"    Pass post stage percentage:           0.00%"}
{"level":"info","time":"2026-05-06T21:44:31.833+0530","caller":"jobmanager/JobSummaryManager.go:113","msg":"    Failed post stage percentage:         0.00%"}
{"level":"info","time":"2026-05-06T21:44:31.833+0530","caller":"jobmanager/JobSummaryManager.go:113","msg":"    Failed Tasks:                         0"}
{"level":"info","time":"2026-05-06T21:44:31.833+0530","caller":"jobmanager/JobSummaryManager.go:58","msg":""}
{"level":"debug","time":"2026-05-06T21:44:31.838+0530","caller":"core/lifecycle.go:924","msg":"Context canceled"}
{"level":"info","time":"2026-05-06T21:44:31.838+0530","caller":"events/manager.go:338","msg":"context done and stopping SSE"}
{"level":"debug","time":"2026-05-06T21:44:31.839+0530","caller":"events/manager.go:256","msg":"Stopping event manager"}
{"level":"info","time":"2026-05-06T21:44:31.838+0530","caller":"core/lifecycle.go:927","msg":"Stopping pipeline gracefully"}
{"level":"info","time":"2026-05-06T21:44:31.839+0530","caller":"jobmanager/manager.go:138","msg":"Job Link: https://hyperexecute.lambdatest.com/hyperexecute/task?jobId=7a1c2bc6-e3c7-46db-8cf6-43f72618ddde\n"}
{"level":"debug","time":"2026-05-06T21:44:31.839+0530","caller":"core/lifecycle.go:59","msg":"Quit requested from main goroutine...."}
{"level":"debug","time":"2026-05-06T21:44:31.839+0530","caller":"core/lifecycle.go:60","msg":"Waiting for the goroutines to exit"}
{"level":"debug","time":"2026-05-06T21:44:31.839+0530","caller":"core/lifecycle.go:63","msg":"All lifecycle goroutines exited"}
{"level":"debug","time":"2026-05-06T21:44:31.840+0530","caller":"cmd/bin.go:361","msg":"main: all goroutines have finished."}
